Archive member included to satisfy reference by file (symbol)

c:/st/stm32cubeide_1.10.1/stm32cubeide/plugins/com.st.stm32cube.ide.mcu.externaltools.gnu-tools-for-stm32.10.3-2021.10.win32_1.0.0.202111181127/tools/bin/../lib/gcc/arm-none-eabi/10.3.1/../../../../arm-none-eabi/lib/thumb/v7e-m+fp/hard\libc_nano.a(lib_a-errno.o)
                              ./Core/Src/syscalls.o (__errno)
c:/st/stm32cubeide_1.10.1/stm32cubeide/plugins/com.st.stm32cube.ide.mcu.externaltools.gnu-tools-for-stm32.10.3-2021.10.win32_1.0.0.202111181127/tools/bin/../lib/gcc/arm-none-eabi/10.3.1/../../../../arm-none-eabi/lib/thumb/v7e-m+fp/hard\libc_nano.a(lib_a-exit.o)
                              c:/st/stm32cubeide_1.10.1/stm32cubeide/plugins/com.st.stm32cube.ide.mcu.externaltools.gnu-tools-for-stm32.10.3-2021.10.win32_1.0.0.202111181127/tools/bin/../lib/gcc/arm-none-eabi/10.3.1/../../../../arm-none-eabi/lib/thumb/v7e-m+fp/hard/crt0.o (exit)
c:/st/stm32cubeide_1.10.1/stm32cubeide/plugins/com.st.stm32cube.ide.mcu.externaltools.gnu-tools-for-stm32.10.3-2021.10.win32_1.0.0.202111181127/tools/bin/../lib/gcc/arm-none-eabi/10.3.1/../../../../arm-none-eabi/lib/thumb/v7e-m+fp/hard\libc_nano.a(lib_a-impure.o)
                              c:/st/stm32cubeide_1.10.1/stm32cubeide/plugins/com.st.stm32cube.ide.mcu.externaltools.gnu-tools-for-stm32.10.3-2021.10.win32_1.0.0.202111181127/tools/bin/../lib/gcc/arm-none-eabi/10.3.1/../../../../arm-none-eabi/lib/thumb/v7e-m+fp/hard\libc_nano.a(lib_a-exit.o) (_global_impure_ptr)
c:/st/stm32cubeide_1.10.1/stm32cubeide/plugins/com.st.stm32cube.ide.mcu.externaltools.gnu-tools-for-stm32.10.3-2021.10.win32_1.0.0.202111181127/tools/bin/../lib/gcc/arm-none-eabi/10.3.1/../../../../arm-none-eabi/lib/thumb/v7e-m+fp/hard\libc_nano.a(lib_a-init.o)
                              c:/st/stm32cubeide_1.10.1/stm32cubeide/plugins/com.st.stm32cube.ide.mcu.externaltools.gnu-tools-for-stm32.10.3-2021.10.win32_1.0.0.202111181127/tools/bin/../lib/gcc/arm-none-eabi/10.3.1/../../../../arm-none-eabi/lib/thumb/v7e-m+fp/hard/crt0.o (__libc_init_array)
c:/st/stm32cubeide_1.10.1/stm32cubeide/plugins/com.st.stm32cube.ide.mcu.externaltools.gnu-tools-for-stm32.10.3-2021.10.win32_1.0.0.202111181127/tools/bin/../lib/gcc/arm-none-eabi/10.3.1/../../../../arm-none-eabi/lib/thumb/v7e-m+fp/hard\libc_nano.a(lib_a-memset.o)
                              c:/st/stm32cubeide_1.10.1/stm32cubeide/plugins/com.st.stm32cube.ide.mcu.externaltools.gnu-tools-for-stm32.10.3-2021.10.win32_1.0.0.202111181127/tools/bin/../lib/gcc/arm-none-eabi/10.3.1/../../../../arm-none-eabi/lib/thumb/v7e-m+fp/hard/crt0.o (memset)
c:/st/stm32cubeide_1.10.1/stm32cubeide/plugins/com.st.stm32cube.ide.mcu.externaltools.gnu-tools-for-stm32.10.3-2021.10.win32_1.0.0.202111181127/tools/bin/../lib/gcc/arm-none-eabi/10.3.1/../../../../arm-none-eabi/lib/thumb/v7e-m+fp/hard\libc_nano.a(lib_a-strlen.o)
                              ./Core/Src/uart.o (strlen)
c:/st/stm32cubeide_1.10.1/stm32cubeide/plugins/com.st.stm32cube.ide.mcu.externaltools.gnu-tools-for-stm32.10.3-2021.10.win32_1.0.0.202111181127/tools/bin/../lib/gcc/arm-none-eabi/10.3.1/thumb/v7e-m+fp/hard\libgcc.a(_aeabi_uldivmod.o)
                              ./Drivers/STM32F4xx_HAL_Driver/Src/stm32f4xx_hal_rcc.o (__aeabi_uldivmod)
c:/st/stm32cubeide_1.10.1/stm32cubeide/plugins/com.st.stm32cube.ide.mcu.externaltools.gnu-tools-for-stm32.10.3-2021.10.win32_1.0.0.202111181127/tools/bin/../lib/gcc/arm-none-eabi/10.3.1/thumb/v7e-m+fp/hard\libgcc.a(_udivmoddi4.o)
                              c:/st/stm32cubeide_1.10.1/stm32cubeide/plugins/com.st.stm32cube.ide.mcu.externaltools.gnu-tools-for-stm32.10.3-2021.10.win32_1.0.0.202111181127/tools/bin/../lib/gcc/arm-none-eabi/10.3.1/thumb/v7e-m+fp/hard\libgcc.a(_aeabi_uldivmod.o) (__udivmoddi4)
c:/st/stm32cubeide_1.10.1/stm32cubeide/plugins/com.st.stm32cube.ide.mcu.externaltools.gnu-tools-for-stm32.10.3-2021.10.win32_1.0.0.202111181127/tools/bin/../lib/gcc/arm-none-eabi/10.3.1/thumb/v7e-m+fp/hard\libgcc.a(_dvmd_tls.o)
                              c:/st/stm32cubeide_1.10.1/stm32cubeide/plugins/com.st.stm32cube.ide.mcu.externaltools.gnu-tools-for-stm32.10.3-2021.10.win32_1.0.0.202111181127/tools/bin/../lib/gcc/arm-none-eabi/10.3.1/thumb/v7e-m+fp/hard\libgcc.a(_aeabi_uldivmod.o) (__aeabi_ldiv0)

Discarded input sections

 .text          0x0000000000000000        0x0 c:/st/stm32cubeide_1.10.1/stm32cubeide/plugins/com.st.stm32cube.ide.mcu.externaltools.gnu-tools-for-stm32.10.3-2021.10.win32_1.0.0.202111181127/tools/bin/../lib/gcc/arm-none-eabi/10.3.1/thumb/v7e-m+fp/hard/crti.o
 .data          0x0000000000000000        0x0 c:/st/stm32cubeide_1.10.1/stm32cubeide/plugins/com.st.stm32cube.ide.mcu.externaltools.gnu-tools-for-stm32.10.3-2021.10.win32_1.0.0.202111181127/tools/bin/../lib/gcc/arm-none-eabi/10.3.1/thumb/v7e-m+fp/hard/crti.o
[...]
Memory Configuration

Name             Origin             Length             Attributes
RAM              0x0000000020000000 0x0000000000018000 xrw
FLASH            0x0000000008000000 0x0000000000080000 xr
*default*        0x0000000000000000 0xffffffffffffffff

Linker script and memory map

LOAD c:/st/stm32cubeide_1.10.1/stm32cubeide/plugins/com.st.stm32cube.ide.mcu.externaltools.gnu-tools-for-stm32.10.3-2021.10.win32_1.0.0.202111181127/tools/bin/../lib/gcc/arm-none-eabi/10.3.1/thumb/v7e-m+fp/hard/crti.o
LOAD c:/st/stm32cubeide_1.10.1/stm32cubeide/plugins/com.st.stm32cube.ide.mcu.externaltools.gnu-tools-for-stm32.10.3-2021.10.win32_1.0.0.202111181127/tools/bin/../lib/gcc/arm-none-eabi/10.3.1/thumb/v7e-m+fp/hard/crtbegin.o
LOAD c:/st/stm32cubeide_1.10.1/stm32cubeide/plugins/com.st.stm32cube.ide.mcu.externaltools.gnu-tools-for-stm32.10.3-2021.10.win32_1.0.0.202111181127/tools/bin/../lib/gcc/arm-none-eabi/10.3.1/../../../../arm-none-eabi/lib/thumb/v7e-m+fp/hard/crt0.o
LOAD ./Core/Src/app.o
LOAD ./Core/Src/lcd.o
LOAD ./Core/Src/main.o
LOAD ./Core/Src/rotary_enc.o
LOAD ./Core/Src/stm32f4xx_hal_msp.o
LOAD ./Core/Src/stm32f4xx_it.o
LOAD ./Core/Src/syscalls.o
LOAD ./Core/Src/sysmem.o
LOAD ./Core/Src/system_stm32f4xx.o
LOAD ./Core/Src/timer.o
LOAD ./Core/Src/uart.o
LOAD ./Core/Startup/startup_stm32f401retx.o
LOAD ./Drivers/STM32F4xx_HAL_Driver/Src/stm32f4xx_hal.o
LOAD ./Drivers/STM32F4xx_HAL_Driver/Src/stm32f4xx_hal_cortex.o
LOAD ./Drivers/STM32F4xx_HAL_Driver/Src/stm32f4xx_hal_dma.o
LOAD ./Drivers/STM32F4xx_HAL_Driver/Src/stm32f4xx_hal_dma_ex.o
LOAD ./Drivers/STM32F4xx_HAL_Driver/Src/stm32f4xx_hal_exti.o
LOAD ./Drivers/STM32F4xx_HAL_Driver/Src/stm32f4xx_hal_flash.o
LOAD ./Drivers/STM32F4xx_HAL_Driver/Src/stm32f4xx_hal_flash_ex.o
LOAD ./Drivers/STM32F4xx_HAL_Driver/Src/stm32f4xx_hal_flash_ramfunc.o
LOAD ./Drivers/STM32F4xx_HAL_Driver/Src/stm32f4xx_hal_gpio.o
LOAD ./Drivers/STM32F4xx_HAL_Driver/Src/stm32f4xx_hal_pwr.o
LOAD ./Drivers/STM32F4xx_HAL_Driver/Src/stm32f4xx_hal_pwr_ex.o
LOAD ./Drivers/STM32F4xx_HAL_Driver/Src/stm32f4xx_hal_rcc.o
LOAD ./Drivers/STM32F4xx_HAL_Driver/Src/stm32f4xx_hal_rcc_ex.o
LOAD ./Drivers/STM32F4xx_HAL_Driver/Src/stm32f4xx_hal_tim.o
LOAD ./Drivers/STM32F4xx_HAL_Driver/Src/stm32f4xx_hal_tim_ex.o
LOAD ./Drivers/STM32F4xx_HAL_Driver/Src/stm32f4xx_ll_dma.o
LOAD ./Drivers/STM32F4xx_HAL_Driver/Src/stm32f4xx_ll_exti.o
LOAD ./Drivers/STM32F4xx_HAL_Driver/Src/stm32f4xx_ll_gpio.o
LOAD ./Drivers/STM32F4xx_HAL_Driver/Src/stm32f4xx_ll_rcc.o
LOAD ./Drivers/STM32F4xx_HAL_Driver/Src/stm32f4xx_ll_usart.o
LOAD ./Drivers/STM32F4xx_HAL_Driver/Src/stm32f4xx_ll_utils.o
START GROUP
LOAD c:/st/stm32cubeide_1.10.1/stm32cubeide/plugins/com.st.stm32cube.ide.mcu.externaltools.gnu-tools-for-stm32.10.3-2021.10.win32_1.0.0.202111181127/tools/bin/../lib/gcc/arm-none-eabi/10.3.1/../../../../arm-none-eabi/lib/thumb/v7e-m+fp/hard\libc_nano.a
LOAD c:/st/stm32cubeide_1.10.1/stm32cubeide/plugins/com.st.stm32cube.ide.mcu.externaltools.gnu-tools-for-stm32.10.3-2021.10.win32_1.0.0.202111181127/tools/bin/../lib/gcc/arm-none-eabi/10.3.1/../../../../arm-none-eabi/lib/thumb/v7e-m+fp/hard\libm.a
END GROUP
START GROUP
LOAD c:/st/stm32cubeide_1.10.1/stm32cubeide/plugins/com.st.stm32cube.ide.mcu.externaltools.gnu-tools-for-stm32.10.3-2021.10.win32_1.0.0.202111181127/tools/bin/../lib/gcc/arm-none-eabi/10.3.1/thumb/v7e-m+fp/hard\libgcc.a
LOAD c:/st/stm32cubeide_1.10.1/stm32cubeide/plugins/com.st.stm32cube.ide.mcu.externaltools.gnu-tools-for-stm32.10.3-2021.10.win32_1.0.0.202111181127/tools/bin/../lib/gcc/arm-none-eabi/10.3.1/../../../../arm-none-eabi/lib/thumb/v7e-m+fp/hard\libc_nano.a
END GROUP
START GROUP
LOAD c:/st/stm32cubeide_1.10.1/stm32cubeide/plugins/com.st.stm32cube.ide.mcu.externaltools.gnu-tools-for-stm32.10.3-2021.10.win32_1.0.0.202111181127/tools/bin/../lib/gcc/arm-none-eabi/10.3.1/thumb/v7e-m+fp/hard\libgcc.a
LOAD c:/st/stm32cubeide_1.10.1/stm32cubeide/plugins/com.st.stm32cube.ide.mcu.externaltools.gnu-tools-for-stm32.10.3-2021.10.win32_1.0.0.202111181127/tools/bin/../lib/gcc/arm-none-eabi/10.3.1/../../../../arm-none-eabi/lib/thumb/v7e-m+fp/hard\libc_nano.a
LOAD c:/st/stm32cubeide_1.10.1/stm32cubeide/plugins/com.st.stm32cube.ide.mcu.externaltools.gnu-tools-for-stm32.10.3-2021.10.win32_1.0.0.202111181127/tools/bin/../lib/gcc/arm-none-eabi/10.3.1/../../../../arm-none-eabi/lib/thumb/v7e-m+fp/hard\libnosys.a
END GROUP
START GROUP
LOAD c:/st/stm32cubeide_1.10.1/stm32cubeide/plugins/com.st.stm32cube.ide.mcu.externaltools.gnu-tools-for-stm32.10.3-2021.10.win32_1.0.0.202111181127/tools/bin/../lib/gcc/arm-none-eabi/10.3.1/thumb/v7e-m+fp/hard\libgcc.a
LOAD c:/st/stm32cubeide_1.10.1/stm32cubeide/plugins/com.st.stm32cube.ide.mcu.externaltools.gnu-tools-for-stm32.10.3-2021.10.win32_1.0.0.202111181127/tools/bin/../lib/gcc/arm-none-eabi/10.3.1/../../../../arm-none-eabi/lib/thumb/v7e-m+fp/hard\libc_nano.a
LOAD c:/st/stm32cubeide_1.10.1/stm32cubeide/plugins/com.st.stm32cube.ide.mcu.externaltools.gnu-tools-for-stm32.10.3-2021.10.win32_1.0.0.202111181127/tools/bin/../lib/gcc/arm-none-eabi/10.3.1/../../../../arm-none-eabi/lib/thumb/v7e-m+fp/hard\libnosys.a
END GROUP
LOAD c:/st/stm32cubeide_1.10.1/stm32cubeide/plugins/com.st.stm32cube.ide.mcu.externaltools.gnu-tools-for-stm32.10.3-2021.10.win32_1.0.0.202111181127/tools/bin/../lib/gcc/arm-none-eabi/10.3.1/thumb/v7e-m+fp/hard/crtend.o
LOAD c:/st/stm32cubeide_1.10.1/stm32cubeide/plugins/com.st.stm32cube.ide.mcu.externaltools.gnu-tools-for-stm32.10.3-2021.10.win32_1.0.0.202111181127/tools/bin/../lib/gcc/arm-none-eabi/10.3.1/thumb/v7e-m+fp/hard/crtn.o
                0x0000000020018000                _estack = (ORIGIN (RAM) + LENGTH (RAM))
                0x0000000000000200                _Min_Heap_Size = 0x200
                0x0000000000000400                _Min_Stack_Size = 0x400

.isr_vector     0x0000000008000000      0x194
                0x0000000008000000                . = ALIGN (0x4)
 *(.isr_vector)
 .isr_vector    0x0000000008000000      0x194 ./Core/Startup/startup_stm32f401retx.o
                0x0000000008000000                g_pfnVectors
                0x0000000008000194                . = ALIGN (0x4)

.text           0x0000000008000194     0x3e20
                0x0000000008000194                . = ALIGN (0x4)
 *(.text)
 .text          0x0000000008000194       0x40 c:/st/stm32cubeide_1.10.1/stm32cubeide/plugins/com.st.stm32cube.ide.mcu.externaltools.gnu-tools-for-stm32.10.3-2021.10.win32_1.0.0.202111181127/tools/bin/../lib/gcc/arm-none-eabi/10.3.1/thumb/v7e-m+fp/hard/crtbegin.o
 .text          0x00000000080001d4       0x10 c:/st/stm32cubeide_1.10.1/stm32cubeide/plugins/com.st.stm32cube.ide.mcu.externaltools.gnu-tools-for-stm32.10.3-2021.10.win32_1.0.0.202111181127/tools/bin/../lib/gcc/arm-none-eabi/10.3.1/../../../../arm-none-eabi/lib/thumb/v7e-m+fp/hard\libc_nano.a(lib_a-strlen.o)
                0x00000000080001d4                strlen
 .text          0x00000000080001e4       0x30 c:/st/stm32cubeide_1.10.1/stm32cubeide/plugins/com.st.stm32cube.ide.mcu.externaltools.gnu-tools-for-stm32.10.3-2021.10.win32_1.0.0.202111181127/tools/bin/../lib/gcc/arm-none-eabi/10.3.1/thumb/v7e-m+fp/hard\libgcc.a(_aeabi_uldivmod.o)
                0x00000000080001e4                __aeabi_uldivmod
 .text          0x0000000008000214      0x2d0 c:/st/stm32cubeide_1.10.1/stm32cubeide/plugins/com.st.stm32cube.ide.mcu.externaltools.gnu-tools-for-stm32.10.3-2021.10.win32_1.0.0.202111181127/tools/bin/../lib/gcc/arm-none-eabi/10.3.1/thumb/v7e-m+fp/hard\libgcc.a(_udivmoddi4.o)
                0x0000000008000214                __udivmoddi4
 .text          0x00000000080004e4        0x4 c:/st/stm32cubeide_1.10.1/stm32cubeide/plugins/com.st.stm32cube.ide.mcu.externaltools.gnu-tools-for-stm32.10.3-2021.10.win32_1.0.0.202111181127/tools/bin/../lib/gcc/arm-none-eabi/10.3.1/thumb/v7e-m+fp/hard\libgcc.a(_dvmd_tls.o)
                0x00000000080004e4                __aeabi_idiv0
                0x00000000080004e4                __aeabi_ldiv0
 *(.text*)
 .text.draw_border_line_on_lcd
                0x00000000080004e8       0x5c ./Core/Src/app.o
 .text.update_score_on_lcd
                0x0000000008000544       0x88 ./Core/Src/app.o
 .text.update_ball_position
                0x00000000080005cc      0x178 ./Core/Src/app.o
 .text.update_paddle_position
                0x0000000008000744       0x94 ./Core/Src/app.o
 .text.get_enc_btn_state
                0x00000000080007d8       0x9c ./Core/Src/app.o
 .text.ai_mode  0x0000000008000874       0xbc ./Core/Src/app.o
 .text.game_init
                0x0000000008000930      0x110 ./Core/Src/app.o
 .text.app_init
                0x0000000008000a40       0x50 ./Core/Src/app.o
                0x0000000008000a40                app_init
 .text.app_loop
                0x0000000008000a90        0xc ./Core/Src/app.o
                0x0000000008000a90                app_loop
 .text.delay_12_nanosec
                0x0000000008000a9c       0x30 ./Core/Src/lcd.o
 .text.lcd_reset
                0x0000000008000acc       0x30 ./Core/Src/lcd.o
 .text.lcd_write
                0x0000000008000afc      0x160 ./Core/Src/lcd.o
 .text.lcd_dsp_on_off
                0x0000000008000c5c       0x30 ./Core/Src/lcd.o
 .text.lcd_write_addr
                0x0000000008000c8c       0x9c ./Core/Src/lcd.o
 .text.lcd_clear
                0x0000000008000d28       0x50 ./Core/Src/lcd.o
                0x0000000008000d28                lcd_clear
 .text.lcd_draw_clear_rect
                0x0000000008000d78       0x70 ./Core/Src/lcd.o
                0x0000000008000d78                lcd_draw_clear_rect
 .text.lcd_write_number
                0x0000000008000de8       0x9c ./Core/Src/lcd.o
                0x0000000008000de8                lcd_write_number
 .text.lcd_init
                0x0000000008000e84       0x28 ./Core/Src/lcd.o
                0x0000000008000e84                lcd_init
 .text.lcd_loop
                0x0000000008000eac       0x88 ./Core/Src/lcd.o
                0x0000000008000eac                lcd_loop
 .text.__NVIC_GetPriorityGrouping
                0x0000000008000f34       0x1c ./Core/Src/main.o
 .text.__NVIC_EnableIRQ
                0x0000000008000f50       0x3c ./Core/Src/main.o
 .text.__NVIC_SetPriority
                0x0000000008000f8c       0x54 ./Core/Src/main.o
 .text.NVIC_EncodePriority
                0x0000000008000fe0       0x66 ./Core/Src/main.o
 .text.LL_USART_Enable
                0x0000000008001046       0x20 ./Core/Src/main.o
 .text.LL_USART_ConfigAsyncMode
                0x0000000008001066       0x2c ./Core/Src/main.o
 *fill*         0x0000000008001092        0x2 
 .text.LL_AHB1_GRP1_EnableClock
                0x0000000008001094       0x30 ./Core/Src/main.o
 .text.LL_APB1_GRP1_EnableClock
                0x00000000080010c4       0x30 ./Core/Src/main.o
 .text.main     0x00000000080010f4       0x22 ./Core/Src/main.o
                0x00000000080010f4                main
 *fill*         0x0000000008001116        0x2 
 .text.SystemClock_Config
                0x0000000008001118       0xd8 ./Core/Src/main.o
                0x0000000008001118                SystemClock_Config
 .text.MX_TIM1_Init
                0x00000000080011f0       0xa0 ./Core/Src/main.o
 .text.MX_USART2_UART_Init
                0x0000000008001290       0xc0 ./Core/Src/main.o
 .text.MX_GPIO_Init
                0x0000000008001350      0x17c ./Core/Src/main.o
 .text.Error_Handler
                0x00000000080014cc        0xa ./Core/Src/main.o
                0x00000000080014cc                Error_Handler
 *fill*         0x00000000080014d6        0x2 
 .text.HAL_GPIO_EXTI_Callback
                0x00000000080014d8      0x2a0 ./Core/Src/rotary_enc.o
                0x00000000080014d8                HAL_GPIO_EXTI_Callback
 .text.set_enc_max_min
                0x0000000008001778       0x2c ./Core/Src/rotary_enc.o
                0x0000000008001778                set_enc_max_min
 .text.set_enc1_val
                0x00000000080017a4       0x4c ./Core/Src/rotary_enc.o
                0x00000000080017a4                set_enc1_val
 .text.set_enc2_val
                0x00000000080017f0       0x4c ./Core/Src/rotary_enc.o
                0x00000000080017f0                set_enc2_val
 .text.rotary_enc_init
                0x000000000800183c       0x64 ./Core/Src/rotary_enc.o
                0x000000000800183c                rotary_enc_init
 .text.HAL_MspInit
                0x00000000080018a0       0x50 ./Core/Src/stm32f4xx_hal_msp.o
                0x00000000080018a0                HAL_MspInit
 .text.HAL_TIM_Base_MspInit
                0x00000000080018f0       0x44 ./Core/Src/stm32f4xx_hal_msp.o
                0x00000000080018f0                HAL_TIM_Base_MspInit
 .text.NMI_Handler
                0x0000000008001934        0x6 ./Core/Src/stm32f4xx_it.o
                0x0000000008001934                NMI_Handler
 .text.HardFault_Handler
                0x000000000800193a        0x6 ./Core/Src/stm32f4xx_it.o
                0x000000000800193a                HardFault_Handler
 .text.MemManage_Handler
                0x0000000008001940        0x6 ./Core/Src/stm32f4xx_it.o
                0x0000000008001940                MemManage_Handler
 .text.BusFault_Handler
                0x0000000008001946        0x6 ./Core/Src/stm32f4xx_it.o
                0x0000000008001946                BusFault_Handler
 .text.UsageFault_Handler
                0x000000000800194c        0x6 ./Core/Src/stm32f4xx_it.o
                0x000000000800194c                UsageFault_Handler
 .text.SVC_Handler
                0x0000000008001952        0xe ./Core/Src/stm32f4xx_it.o
                0x0000000008001952                SVC_Handler
 .text.DebugMon_Handler
                0x0000000008001960        0xe ./Core/Src/stm32f4xx_it.o
                0x0000000008001960                DebugMon_Handler
 .text.PendSV_Handler
                0x000000000800196e        0xe ./Core/Src/stm32f4xx_it.o
                0x000000000800196e                PendSV_Handler
 .text.SysTick_Handler
                0x000000000800197c       0x10 ./Core/Src/stm32f4xx_it.o
                0x000000000800197c                SysTick_Handler
 .text.EXTI0_IRQHandler
                0x000000000800198c        0xe ./Core/Src/stm32f4xx_it.o
                0x000000000800198c                EXTI0_IRQHandler
 .text.EXTI1_IRQHandler
                0x000000000800199a        0xe ./Core/Src/stm32f4xx_it.o
                0x000000000800199a                EXTI1_IRQHandler
 .text.EXTI4_IRQHandler
                0x00000000080019a8        0xe ./Core/Src/stm32f4xx_it.o
                0x00000000080019a8                EXTI4_IRQHandler
 .text.EXTI9_5_IRQHandler
                0x00000000080019b6       0x1c ./Core/Src/stm32f4xx_it.o
                0x00000000080019b6                EXTI9_5_IRQHandler
 .text.USART2_IRQHandler
                0x00000000080019d2       0x10 ./Core/Src/stm32f4xx_it.o
                0x00000000080019d2                USART2_IRQHandler
 *fill*         0x00000000080019e2        0x2 
 .text.SystemInit
                0x00000000080019e4       0x24 ./Core/Src/system_stm32f4xx.o
                0x00000000080019e4                SystemInit
 .text.timer_init
                0x0000000008001a08       0x4c ./Core/Src/timer.o
                0x0000000008001a08                timer_init
 .text.timer_register
                0x0000000008001a54       0x58 ./Core/Src/timer.o
                0x0000000008001a54                timer_register
 .text.timer_func_divider_update
                0x0000000008001aac       0x5c ./Core/Src/timer.o
                0x0000000008001aac                timer_func_divider_update
 .text.timer_tick
                0x0000000008001b08       0x78 ./Core/Src/timer.o
                0x0000000008001b08                timer_tick
 .text.LL_USART_IsActiveFlag_FE
                0x0000000008001b80       0x26 ./Core/Src/uart.o
 .text.LL_USART_IsActiveFlag_ORE
                0x0000000008001ba6       0x26 ./Core/Src/uart.o
 .text.LL_USART_IsActiveFlag_RXNE
                0x0000000008001bcc       0x26 ./Core/Src/uart.o
 .text.LL_USART_IsActiveFlag_TXE
                0x0000000008001bf2       0x26 ./Core/Src/uart.o
 .text.LL_USART_EnableIT_TXE
                0x0000000008001c18       0x46 ./Core/Src/uart.o
 .text.LL_USART_DisableIT_TXE
                0x0000000008001c5e       0x46 ./Core/Src/uart.o
 .text.LL_USART_ReceiveData8
                0x0000000008001ca4       0x1a ./Core/Src/uart.o
 .text.LL_USART_TransmitData8
                0x0000000008001cbe       0x1e ./Core/Src/uart.o
 .text.usart2_receive
                0x0000000008001cdc       0xb8 ./Core/Src/uart.o
                0x0000000008001cdc                usart2_receive
 .text.usart2_transmit
                0x0000000008001d94       0x64 ./Core/Src/uart.o
                0x0000000008001d94                usart2_transmit
 .text.uart_write
                0x0000000008001df8       0x58 ./Core/Src/uart.o
                0x0000000008001df8                uart_write
 .text.Reset_Handler
                0x0000000008001e50       0x50 ./Core/Startup/startup_stm32f401retx.o
                0x0000000008001e50                Reset_Handler
 .text.Default_Handler
                0x0000000008001ea0        0x2 ./Core/Startup/startup_stm32f401retx.o
                0x0000000008001ea0                RTC_Alarm_IRQHandler
                0x0000000008001ea0                EXTI2_IRQHandler
                0x0000000008001ea0                SPI4_IRQHandler
                0x0000000008001ea0                TIM1_CC_IRQHandler
                0x0000000008001ea0                DMA2_Stream5_IRQHandler
                0x0000000008001ea0                DMA1_Stream5_IRQHandler
                0x0000000008001ea0                PVD_IRQHandler
                0x0000000008001ea0                SDIO_IRQHandler
                0x0000000008001ea0                TAMP_STAMP_IRQHandler
                0x0000000008001ea0                EXTI3_IRQHandler
                0x0000000008001ea0                TIM1_UP_TIM10_IRQHandler
                0x0000000008001ea0                I2C3_ER_IRQHandler
                0x0000000008001ea0                I2C2_EV_IRQHandler
                0x0000000008001ea0                DMA1_Stream2_IRQHandler
                0x0000000008001ea0                FPU_IRQHandler
                0x0000000008001ea0                DMA2_Stream2_IRQHandler
                0x0000000008001ea0                SPI1_IRQHandler
                0x0000000008001ea0                TIM1_BRK_TIM9_IRQHandler
                0x0000000008001ea0                DMA2_Stream3_IRQHandler
                0x0000000008001ea0                USART6_IRQHandler
                0x0000000008001ea0                DMA2_Stream0_IRQHandler
                0x0000000008001ea0                TIM4_IRQHandler
                0x0000000008001ea0                I2C1_EV_IRQHandler
                0x0000000008001ea0                DMA1_Stream6_IRQHandler
                0x0000000008001ea0                DMA1_Stream1_IRQHandler
                0x0000000008001ea0                TIM3_IRQHandler
                0x0000000008001ea0                RCC_IRQHandler
                0x0000000008001ea0                Default_Handler
                0x0000000008001ea0                EXTI15_10_IRQHandler
                0x0000000008001ea0                ADC_IRQHandler
                0x0000000008001ea0                DMA1_Stream7_IRQHandler
                0x0000000008001ea0                TIM5_IRQHandler
                0x0000000008001ea0                DMA2_Stream7_IRQHandler
                0x0000000008001ea0                I2C3_EV_IRQHandler
                0x0000000008001ea0                RTC_WKUP_IRQHandler
                0x0000000008001ea0                SPI2_IRQHandler
                0x0000000008001ea0                DMA1_Stream0_IRQHandler
                0x0000000008001ea0                WWDG_IRQHandler
                0x0000000008001ea0                TIM2_IRQHandler
                0x0000000008001ea0                OTG_FS_WKUP_IRQHandler
                0x0000000008001ea0                TIM1_TRG_COM_TIM11_IRQHandler
                0x0000000008001ea0                I2C2_ER_IRQHandler
                0x0000000008001ea0                DMA2_Stream1_IRQHandler
                0x0000000008001ea0                FLASH_IRQHandler
                0x0000000008001ea0                DMA2_Stream4_IRQHandler
                0x0000000008001ea0                USART1_IRQHandler
                0x0000000008001ea0                OTG_FS_IRQHandler
                0x0000000008001ea0                SPI3_IRQHandler
                0x0000000008001ea0                DMA1_Stream4_IRQHandler
                0x0000000008001ea0                I2C1_ER_IRQHandler
                0x0000000008001ea0                DMA2_Stream6_IRQHandler
                0x0000000008001ea0                DMA1_Stream3_IRQHandler
 *fill*         0x0000000008001ea2        0x2 
 .text.HAL_Init
                0x0000000008001ea4       0x44 ./Drivers/STM32F4xx_HAL_Driver/Src/stm32f4xx_hal.o
                0x0000000008001ea4                HAL_Init
 .text.HAL_InitTick
                0x0000000008001ee8       0x60 ./Drivers/STM32F4xx_HAL_Driver/Src/stm32f4xx_hal.o
                0x0000000008001ee8                HAL_InitTick
 .text.HAL_IncTick
                0x0000000008001f48       0x28 ./Drivers/STM32F4xx_HAL_Driver/Src/stm32f4xx_hal.o
                0x0000000008001f48                HAL_IncTick
 .text.HAL_GetTick
                0x0000000008001f70       0x18 ./Drivers/STM32F4xx_HAL_Driver/Src/stm32f4xx_hal.o
                0x0000000008001f70                HAL_GetTick
 .text.HAL_Delay
                0x0000000008001f88       0x48 ./Drivers/STM32F4xx_HAL_Driver/Src/stm32f4xx_hal.o
                0x0000000008001f88                HAL_Delay
 .text.__NVIC_SetPriorityGrouping
                0x0000000008001fd0       0x48 ./Drivers/STM32F4xx_HAL_Driver/Src/stm32f4xx_hal_cortex.o
 .text.__NVIC_GetPriorityGrouping
                0x0000000008002018       0x1c ./Drivers/STM32F4xx_HAL_Driver/Src/stm32f4xx_hal_cortex.o
 .text.__NVIC_EnableIRQ
                0x0000000008002034       0x3c ./Drivers/STM32F4xx_HAL_Driver/Src/stm32f4xx_hal_cortex.o
 .text.__NVIC_SetPriority
                0x0000000008002070       0x54 ./Drivers/STM32F4xx_HAL_Driver/Src/stm32f4xx_hal_cortex.o
 .text.NVIC_EncodePriority
                0x00000000080020c4       0x66 ./Drivers/STM32F4xx_HAL_Driver/Src/stm32f4xx_hal_cortex.o
 *fill*         0x000000000800212a        0x2 
 .text.SysTick_Config
                0x000000000800212c       0x44 ./Drivers/STM32F4xx_HAL_Driver/Src/stm32f4xx_hal_cortex.o
 .text.HAL_NVIC_SetPriorityGrouping
                0x0000000008002170       0x16 ./Drivers/STM32F4xx_HAL_Driver/Src/stm32f4xx_hal_cortex.o
                0x0000000008002170                HAL_NVIC_SetPriorityGrouping
 .text.HAL_NVIC_SetPriority
                0x0000000008002186       0x38 ./Drivers/STM32F4xx_HAL_Driver/Src/stm32f4xx_hal_cortex.o
                0x0000000008002186                HAL_NVIC_SetPriority
 .text.HAL_NVIC_EnableIRQ
                0x00000000080021be       0x1c ./Drivers/STM32F4xx_HAL_Driver/Src/stm32f4xx_hal_cortex.o
                0x00000000080021be                HAL_NVIC_EnableIRQ
 .text.HAL_SYSTICK_Config
                0x00000000080021da       0x18 ./Drivers/STM32F4xx_HAL_Driver/Src/stm32f4xx_hal_cortex.o
                0x00000000080021da                HAL_SYSTICK_Config
 *fill*         0x00000000080021f2        0x2 
 .text.HAL_GPIO_Init
                0x00000000080021f4      0x308 ./Drivers/STM32F4xx_HAL_Driver/Src/stm32f4xx_hal_gpio.o
                0x00000000080021f4                HAL_GPIO_Init
 .text.HAL_GPIO_ReadPin
                0x00000000080024fc       0x30 ./Drivers/STM32F4xx_HAL_Driver/Src/stm32f4xx_hal_gpio.o
                0x00000000080024fc                HAL_GPIO_ReadPin
 .text.HAL_GPIO_WritePin
                0x000000000800252c       0x32 ./Drivers/STM32F4xx_HAL_Driver/Src/stm32f4xx_hal_gpio.o
                0x000000000800252c                HAL_GPIO_WritePin
 *fill*         0x000000000800255e        0x2 
 .text.HAL_GPIO_EXTI_IRQHandler
                0x0000000008002560       0x30 ./Drivers/STM32F4xx_HAL_Driver/Src/stm32f4xx_hal_gpio.o
                0x0000000008002560                HAL_GPIO_EXTI_IRQHandler
 .text.HAL_RCC_OscConfig
                0x0000000008002590      0x4f0 ./Drivers/STM32F4xx_HAL_Driver/Src/stm32f4xx_hal_rcc.o
                0x0000000008002590                HAL_RCC_OscConfig
 .text.HAL_RCC_ClockConfig
                0x0000000008002a80      0x1cc ./Drivers/STM32F4xx_HAL_Driver/Src/stm32f4xx_hal_rcc.o
                0x0000000008002a80                HAL_RCC_ClockConfig
 .text.HAL_RCC_GetSysClockFreq
                0x0000000008002c4c      0x20c ./Drivers/STM32F4xx_HAL_Driver/Src/stm32f4xx_hal_rcc.o
                0x0000000008002c4c                HAL_RCC_GetSysClockFreq
 .text.HAL_TIM_Base_Init
                0x0000000008002e58       0x9e ./Drivers/STM32F4xx_HAL_Driver/Src/stm32f4xx_hal_tim.o
                0x0000000008002e58                HAL_TIM_Base_Init
 *fill*         0x0000000008002ef6        0x2 
 .text.HAL_TIM_Base_Start
                0x0000000008002ef8       0xb4 ./Drivers/STM32F4xx_HAL_Driver/Src/stm32f4xx_hal_tim.o
                0x0000000008002ef8                HAL_TIM_Base_Start
 .text.HAL_TIM_ConfigClockSource
                0x0000000008002fac      0x18e ./Drivers/STM32F4xx_HAL_Driver/Src/stm32f4xx_hal_tim.o
                0x0000000008002fac                HAL_TIM_ConfigClockSource
 *fill*         0x000000000800313a        0x2 
 .text.TIM_Base_SetConfig
                0x000000000800313c      0x100 ./Drivers/STM32F4xx_HAL_Driver/Src/stm32f4xx_hal_tim.o
                0x000000000800313c                TIM_Base_SetConfig
 .text.TIM_TI1_ConfigInputStage
                0x000000000800323c       0x5e ./Drivers/STM32F4xx_HAL_Driver/Src/stm32f4xx_hal_tim.o
 .text.TIM_TI2_ConfigInputStage
                0x000000000800329a       0x60 ./Drivers/STM32F4xx_HAL_Driver/Src/stm32f4xx_hal_tim.o
 .text.TIM_ITRx_SetConfig
                0x00000000080032fa       0x36 ./Drivers/STM32F4xx_HAL_Driver/Src/stm32f4xx_hal_tim.o
 .text.TIM_ETR_SetConfig
                0x0000000008003330       0x40 ./Drivers/STM32F4xx_HAL_Driver/Src/stm32f4xx_hal_tim.o
                0x0000000008003330                TIM_ETR_SetConfig
 .text.HAL_TIMEx_MasterConfigSynchronization
                0x0000000008003370       0xdc ./Drivers/STM32F4xx_HAL_Driver/Src/stm32f4xx_hal_tim_ex.o
                0x0000000008003370                HAL_TIMEx_MasterConfigSynchronization
 .text.LL_GPIO_SetPinMode
                0x000000000800344c       0x5e ./Drivers/STM32F4xx_HAL_Driver/Src/stm32f4xx_ll_gpio.o
 .text.LL_GPIO_SetPinOutputType
                0x00000000080034aa       0x30 ./Drivers/STM32F4xx_HAL_Driver/Src/stm32f4xx_ll_gpio.o
 .text.LL_GPIO_SetPinSpeed
                0x00000000080034da       0x5e ./Drivers/STM32F4xx_HAL_Driver/Src/stm32f4xx_ll_gpio.o
 .text.LL_GPIO_SetPinPull
                0x0000000008003538       0x5e ./Drivers/STM32F4xx_HAL_Driver/Src/stm32f4xx_ll_gpio.o
 .text.LL_GPIO_SetAFPin_0_7
                0x0000000008003596       0x5e ./Drivers/STM32F4xx_HAL_Driver/Src/stm32f4xx_ll_gpio.o
 .text.LL_GPIO_SetAFPin_8_15
                0x00000000080035f4       0x62 ./Drivers/STM32F4xx_HAL_Driver/Src/stm32f4xx_ll_gpio.o
 .text.LL_GPIO_Init
                0x0000000008003656       0xe6 ./Drivers/STM32F4xx_HAL_Driver/Src/stm32f4xx_ll_gpio.o
                0x0000000008003656                LL_GPIO_Init
 .text.LL_RCC_GetSysClkSource
                0x000000000800373c       0x1c ./Drivers/STM32F4xx_HAL_Driver/Src/stm32f4xx_ll_rcc.o
 .text.LL_RCC_GetAHBPrescaler
                0x0000000008003758       0x1c ./Drivers/STM32F4xx_HAL_Driver/Src/stm32f4xx_ll_rcc.o
 .text.LL_RCC_GetAPB1Prescaler
                0x0000000008003774       0x1c ./Drivers/STM32F4xx_HAL_Driver/Src/stm32f4xx_ll_rcc.o
 .text.LL_RCC_GetAPB2Prescaler
                0x0000000008003790       0x1c ./Drivers/STM32F4xx_HAL_Driver/Src/stm32f4xx_ll_rcc.o
 .text.LL_RCC_PLL_GetMainSource
                0x00000000080037ac       0x1c ./Drivers/STM32F4xx_HAL_Driver/Src/stm32f4xx_ll_rcc.o
 .text.LL_RCC_PLL_GetN
                0x00000000080037c8       0x1c ./Drivers/STM32F4xx_HAL_Driver/Src/stm32f4xx_ll_rcc.o
 .text.LL_RCC_PLL_GetP
                0x00000000080037e4       0x1c ./Drivers/STM32F4xx_HAL_Driver/Src/stm32f4xx_ll_rcc.o
 .text.LL_RCC_PLL_GetDivider
                0x0000000008003800       0x1c ./Drivers/STM32F4xx_HAL_Driver/Src/stm32f4xx_ll_rcc.o
 .text.LL_RCC_GetSystemClocksFreq
                0x000000000800381c       0x4a ./Drivers/STM32F4xx_HAL_Driver/Src/stm32f4xx_ll_rcc.o
                0x000000000800381c                LL_RCC_GetSystemClocksFreq
 *fill*         0x0000000008003866        0x2 
 .text.RCC_GetSystemClockFreq
                0x0000000008003868       0x50 ./Drivers/STM32F4xx_HAL_Driver/Src/stm32f4xx_ll_rcc.o
                0x0000000008003868                RCC_GetSystemClockFreq
 .text.RCC_GetHCLKClockFreq
                0x00000000080038b8       0x2c ./Drivers/STM32F4xx_HAL_Driver/Src/stm32f4xx_ll_rcc.o
                0x00000000080038b8                RCC_GetHCLKClockFreq
 .text.RCC_GetPCLK1ClockFreq
                0x00000000080038e4       0x28 ./Drivers/STM32F4xx_HAL_Driver/Src/stm32f4xx_ll_rcc.o
                0x00000000080038e4                RCC_GetPCLK1ClockFreq
 .text.RCC_GetPCLK2ClockFreq
                0x000000000800390c       0x28 ./Drivers/STM32F4xx_HAL_Driver/Src/stm32f4xx_ll_rcc.o
                0x000000000800390c                RCC_GetPCLK2ClockFreq
 .text.RCC_PLL_GetFreqDomain_SYS
                0x0000000008003934       0x7c ./Drivers/STM32F4xx_HAL_Driver/Src/stm32f4xx_ll_rcc.o
                0x0000000008003934                RCC_PLL_GetFreqDomain_SYS
 .text.LL_USART_IsEnabled
                0x00000000080039b0       0x28 ./Drivers/STM32F4xx_HAL_Driver/Src/stm32f4xx_ll_usart.o
 .text.LL_USART_SetStopBitsLength
                0x00000000080039d8       0x26 ./Drivers/STM32F4xx_HAL_Driver/Src/stm32f4xx_ll_usart.o
 .text.LL_USART_SetHWFlowCtrl
                0x00000000080039fe       0x26 ./Drivers/STM32F4xx_HAL_Driver/Src/stm32f4xx_ll_usart.o
 .text.LL_USART_SetBaudRate
                0x0000000008003a24      0x458 ./Drivers/STM32F4xx_HAL_Driver/Src/stm32f4xx_ll_usart.o
 .text.LL_USART_Init
                0x0000000008003e7c       0xc8 ./Drivers/STM32F4xx_HAL_Driver/Src/stm32f4xx_ll_usart.o
                0x0000000008003e7c                LL_USART_Init
 .text.__libc_init_array
                0x0000000008003f44       0x48 c:/st/stm32cubeide_1.10.1/stm32cubeide/plugins/com.st.stm32cube.ide.mcu.externaltools.gnu-tools-for-stm32.10.3-2021.10.win32_1.0.0.202111181127/tools/bin/../lib/gcc/arm-none-eabi/10.3.1/../../../../arm-none-eabi/lib/thumb/v7e-m+fp/hard\libc_nano.a(lib_a-init.o)
                0x0000000008003f44                __libc_init_array
 .text.memset   0x0000000008003f8c       0x10 c:/st/stm32cubeide_1.10.1/stm32cubeide/plugins/com.st.stm32cube.ide.mcu.externaltools.gnu-tools-for-stm32.10.3-2021.10.win32_1.0.0.202111181127/tools/bin/../lib/gcc/arm-none-eabi/10.3.1/../../../../arm-none-eabi/lib/thumb/v7e-m+fp/hard\libc_nano.a(lib_a-memset.o)
                0x0000000008003f8c                memset
 *(.glue_7)
 .glue_7        0x0000000008003f9c        0x0 linker stubs
 *(.glue_7t)
 .glue_7t       0x0000000008003f9c        0x0 linker stubs
 *(.eh_frame)
 .eh_frame      0x0000000008003f9c        0x0 c:/st/stm32cubeide_1.10.1/stm32cubeide/plugins/com.st.stm32cube.ide.mcu.externaltools.gnu-tools-for-stm32.10.3-2021.10.win32_1.0.0.202111181127/tools/bin/../lib/gcc/arm-none-eabi/10.3.1/thumb/v7e-m+fp/hard/crtbegin.o
 *(.init)
 .init          0x0000000008003f9c        0x4 c:/st/stm32cubeide_1.10.1/stm32cubeide/plugins/com.st.stm32cube.ide.mcu.externaltools.gnu-tools-for-stm32.10.3-2021.10.win32_1.0.0.202111181127/tools/bin/../lib/gcc/arm-none-eabi/10.3.1/thumb/v7e-m+fp/hard/crti.o
                0x0000000008003f9c                _init
 .init          0x0000000008003fa0        0x8 c:/st/stm32cubeide_1.10.1/stm32cubeide/plugins/com.st.stm32cube.ide.mcu.externaltools.gnu-tools-for-stm32.10.3-2021.10.win32_1.0.0.202111181127/tools/bin/../lib/gcc/arm-none-eabi/10.3.1/thumb/v7e-m+fp/hard/crtn.o
 *(.fini)
 .fini          0x0000000008003fa8        0x4 c:/st/stm32cubeide_1.10.1/stm32cubeide/plugins/com.st.stm32cube.ide.mcu.externaltools.gnu-tools-for-stm32.10.3-2021.10.win32_1.0.0.202111181127/tools/bin/../lib/gcc/arm-none-eabi/10.3.1/thumb/v7e-m+fp/hard/crti.o
                0x0000000008003fa8                _fini
 .fini          0x0000000008003fac        0x8 c:/st/stm32cubeide_1.10.1/stm32cubeide/plugins/com.st.stm32cube.ide.mcu.externaltools.gnu-tools-for-stm32.10.3-2021.10.win32_1.0.0.202111181127/tools/bin/../lib/gcc/arm-none-eabi/10.3.1/thumb/v7e-m+fp/hard/crtn.o
                0x0000000008003fb4                . = ALIGN (0x4)
                0x0000000008003fb4                _etext = .

.vfp11_veneer   0x0000000008003fb4        0x0
 .vfp11_veneer  0x0000000008003fb4        0x0 linker stubs

.v4_bx          0x0000000008003fb4        0x0
 .v4_bx         0x0000000008003fb4        0x0 linker stubs

.iplt           0x0000000008003fb4        0x0
 .iplt          0x0000000008003fb4        0x0 c:/st/stm32cubeide_1.10.1/stm32cubeide/plugins/com.st.stm32cube.ide.mcu.externaltools.gnu-tools-for-stm32.10.3-2021.10.win32_1.0.0.202111181127/tools/bin/../lib/gcc/arm-none-eabi/10.3.1/thumb/v7e-m+fp/hard/crtbegin.o

.rodata         0x0000000008003fb4      0x62c
                0x0000000008003fb4                . = ALIGN (0x4)
 *(.rodata)
 .rodata        0x0000000008003fb4       0x12 ./Core/Src/uart.o
 *(.rodata*)
 *fill*         0x0000000008003fc6        0x2 
 .rodata.font   0x0000000008003fc8      0x600 ./Core/Src/lcd.o
                0x0000000008003fc8                font
 .rodata.AHBPrescTable
                0x00000000080045c8       0x10 ./Core/Src/system_stm32f4xx.o
                0x00000000080045c8                AHBPrescTable
 .rodata.APBPrescTable
                0x00000000080045d8        0x8 ./Core/Src/system_stm32f4xx.o
                0x00000000080045d8                APBPrescTable
                0x00000000080045e0                . = ALIGN (0x4)

.ARM.extab      0x00000000080045e0        0x0
                0x00000000080045e0                . = ALIGN (0x4)
 *(.ARM.extab* .gnu.linkonce.armextab.*)
                0x00000000080045e0                . = ALIGN (0x4)

.ARM            0x00000000080045e0        0x8
                0x00000000080045e0                . = ALIGN (0x4)
                0x00000000080045e0                __exidx_start = .
 *(.ARM.exidx*)
 .ARM.exidx     0x00000000080045e0        0x8 c:/st/stm32cubeide_1.10.1/stm32cubeide/plugins/com.st.stm32cube.ide.mcu.externaltools.gnu-tools-for-stm32.10.3-2021.10.win32_1.0.0.202111181127/tools/bin/../lib/gcc/arm-none-eabi/10.3.1/thumb/v7e-m+fp/hard\libgcc.a(_udivmoddi4.o)
                0x00000000080045e8                __exidx_end = .
                0x00000000080045e8                . = ALIGN (0x4)

.rel.dyn        0x00000000080045e8        0x0
 .rel.iplt      0x00000000080045e8        0x0 c:/st/stm32cubeide_1.10.1/stm32cubeide/plugins/com.st.stm32cube.ide.mcu.externaltools.gnu-tools-for-stm32.10.3-2021.10.win32_1.0.0.202111181127/tools/bin/../lib/gcc/arm-none-eabi/10.3.1/thumb/v7e-m+fp/hard/crtbegin.o

.preinit_array  0x00000000080045e8        0x0
                0x00000000080045e8                . = ALIGN (0x4)
                0x00000000080045e8                PROVIDE (__preinit_array_start = .)
 *(.preinit_array*)
                0x00000000080045e8                PROVIDE (__preinit_array_end = .)
                0x00000000080045e8                . = ALIGN (0x4)

.init_array     0x00000000080045e8        0x4
                0x00000000080045e8                . = ALIGN (0x4)
                0x00000000080045e8                PROVIDE (__init_array_start = .)
 *(SORT_BY_NAME(.init_array.*))
 *(.init_array*)
 .init_array    0x00000000080045e8        0x4 c:/st/stm32cubeide_1.10.1/stm32cubeide/plugins/com.st.stm32cube.ide.mcu.externaltools.gnu-tools-for-stm32.10.3-2021.10.win32_1.0.0.202111181127/tools/bin/../lib/gcc/arm-none-eabi/10.3.1/thumb/v7e-m+fp/hard/crtbegin.o
                0x00000000080045ec                PROVIDE (__init_array_end = .)
                0x00000000080045ec                . = ALIGN (0x4)

.fini_array     0x00000000080045ec        0x4
                0x00000000080045ec                . = ALIGN (0x4)
                [!provide]                        PROVIDE (__fini_array_start = .)
 *(SORT_BY_NAME(.fini_array.*))
 *(.fini_array*)
 .fini_array    0x00000000080045ec        0x4 c:/st/stm32cubeide_1.10.1/stm32cubeide/plugins/com.st.stm32cube.ide.mcu.externaltools.gnu-tools-for-stm32.10.3-2021.10.win32_1.0.0.202111181127/tools/bin/../lib/gcc/arm-none-eabi/10.3.1/thumb/v7e-m+fp/hard/crtbegin.o
                [!provide]                        PROVIDE (__fini_array_end = .)
                0x00000000080045f0                . = ALIGN (0x4)
                0x00000000080045f0                _sidata = LOADADDR (.data)

.data           0x0000000020000000        0xc load address 0x00000000080045f0
                0x0000000020000000                . = ALIGN (0x4)
                0x0000000020000000                _sdata = .
 *(.data)
 *(.data*)
 .data.SystemCoreClock
                0x0000000020000000        0x4 ./Core/Src/system_stm32f4xx.o
                0x0000000020000000                SystemCoreClock
 .data.uwTickPrio
                0x0000000020000004        0x4 ./Drivers/STM32F4xx_HAL_Driver/Src/stm32f4xx_hal.o
                0x0000000020000004                uwTickPrio
 .data.uwTickFreq
                0x0000000020000008        0x1 ./Drivers/STM32F4xx_HAL_Driver/Src/stm32f4xx_hal.o
                0x0000000020000008                uwTickFreq
 *(.RamFunc)
 *(.RamFunc*)
                0x000000002000000c                . = ALIGN (0x4)
 *fill*         0x0000000020000009        0x3 
                0x000000002000000c                _edata = .

.igot.plt       0x000000002000000c        0x0 load address 0x00000000080045fc
 .igot.plt      0x000000002000000c        0x0 c:/st/stm32cubeide_1.10.1/stm32cubeide/plugins/com.st.stm32cube.ide.mcu.externaltools.gnu-tools-for-stm32.10.3-2021.10.win32_1.0.0.202111181127/tools/bin/../lib/gcc/arm-none-eabi/10.3.1/thumb/v7e-m+fp/hard/crtbegin.o
                0x000000002000000c                . = ALIGN (0x4)

.bss            0x000000002000000c     0x212c load address 0x00000000080045fc
                0x000000002000000c                _sbss = .
                0x000000002000000c                __bss_start__ = _sbss
 *(.bss)
 .bss           0x000000002000000c       0x1c c:/st/stm32cubeide_1.10.1/stm32cubeide/plugins/com.st.stm32cube.ide.mcu.externaltools.gnu-tools-for-stm32.10.3-2021.10.win32_1.0.0.202111181127/tools/bin/../lib/gcc/arm-none-eabi/10.3.1/thumb/v7e-m+fp/hard/crtbegin.o
 *(.bss*)
 .bss.enc1_old  0x0000000020000028        0x4 ./Core/Src/app.o
 .bss.btn1_old  0x000000002000002c        0x1 ./Core/Src/app.o
 *fill*         0x000000002000002d        0x3 
 .bss.enc2_old  0x0000000020000030        0x4 ./Core/Src/app.o
 .bss.btn2_old  0x0000000020000034        0x1 ./Core/Src/app.o
 .bss.ball_x    0x0000000020000035        0x1 ./Core/Src/app.o
 .bss.ball_y    0x0000000020000036        0x1 ./Core/Src/app.o
 .bss.ball_dx   0x0000000020000037        0x1 ./Core/Src/app.o
 .bss.ball_dy   0x0000000020000038        0x1 ./Core/Src/app.o
 .bss.player1_score
                0x0000000020000039        0x1 ./Core/Src/app.o
 .bss.player2_score
                0x000000002000003a        0x1 ./Core/Src/app.o
 .bss.player1_AI_mode
                0x000000002000003b        0x1 ./Core/Src/app.o
 .bss.player2_AI_mode
                0x000000002000003c        0x1 ./Core/Src/app.o
 *fill*         0x000000002000003d        0x3 
 .bss.lcd_dsp_buffer
                0x0000000020000040     0x2000 ./Core/Src/lcd.o
 .bss.htim1     0x0000000020002040       0x48 ./Core/Src/main.o
                0x0000000020002040                htim1
 .bss.btn1      0x0000000020002088        0x1 ./Core/Src/rotary_enc.o
                0x0000000020002088                btn1
 .bss.btn2      0x0000000020002089        0x1 ./Core/Src/rotary_enc.o
                0x0000000020002089                btn2
 *fill*         0x000000002000208a        0x2 
 .bss.enc1_count
                0x000000002000208c        0x4 ./Core/Src/rotary_enc.o
                0x000000002000208c                enc1_count
 .bss.enc1      0x0000000020002090        0x4 ./Core/Src/rotary_enc.o
 .bss.enc1_old_state
                0x0000000020002094        0x1 ./Core/Src/rotary_enc.o
 .bss.enc1_new_state
                0x0000000020002095        0x1 ./Core/Src/rotary_enc.o
 *fill*         0x0000000020002096        0x2 
 .bss.enc2_count
                0x0000000020002098        0x4 ./Core/Src/rotary_enc.o
                0x0000000020002098                enc2_count
 .bss.enc2      0x000000002000209c        0x4 ./Core/Src/rotary_enc.o
 .bss.enc2_old_state
                0x00000000200020a0        0x1 ./Core/Src/rotary_enc.o
 .bss.enc2_new_state
                0x00000000200020a1        0x1 ./Core/Src/rotary_enc.o
 *fill*         0x00000000200020a2        0x2 
 .bss.enc_max   0x00000000200020a4        0x4 ./Core/Src/rotary_enc.o
 .bss.enc_min   0x00000000200020a8        0x4 ./Core/Src/rotary_enc.o
 .bss.timerFuncReg
                0x00000000200020ac       0x40 ./Core/Src/timer.o
                0x00000000200020ac                timerFuncReg
 .bss.funcNum   0x00000000200020ec        0x1 ./Core/Src/timer.o
                0x00000000200020ec                funcNum
 .bss.uart_rx_rdy
                0x00000000200020ed        0x1 ./Core/Src/uart.o
                0x00000000200020ed                uart_rx_rdy
 .bss.uart_rx_err
                0x00000000200020ee        0x1 ./Core/Src/uart.o
                0x00000000200020ee                uart_rx_err
 .bss.uart_tx_rdy
                0x00000000200020ef        0x1 ./Core/Src/uart.o
                0x00000000200020ef                uart_tx_rdy
 .bss.uart_tx_err
                0x00000000200020f0        0x1 ./Core/Src/uart.o
                0x00000000200020f0                uart_tx_err
 *fill*         0x00000000200020f1        0x3 
 .bss.uart_rx_buf
                0x00000000200020f4       0x32 ./Core/Src/uart.o
                0x00000000200020f4                uart_rx_buf
 *fill*         0x0000000020002126        0x2 
 .bss.bufInfo   0x0000000020002128        0x8 ./Core/Src/uart.o
                0x0000000020002128                bufInfo
 .bss.receive_counter
                0x0000000020002130        0x1 ./Core/Src/uart.o
                0x0000000020002130                receive_counter
 *fill*         0x0000000020002131        0x3 
 .bss.uwTick    0x0000000020002134        0x4 ./Drivers/STM32F4xx_HAL_Driver/Src/stm32f4xx_hal.o
                0x0000000020002134                uwTick
 *(COMMON)
                0x0000000020002138                . = ALIGN (0x4)
                0x0000000020002138                _ebss = .
                0x0000000020002138                __bss_end__ = _ebss

._user_heap_stack
                0x0000000020002138      0x600 load address 0x00000000080045fc
                0x0000000020002138                . = ALIGN (0x8)
                [!provide]                        PROVIDE (end = .)
                0x0000000020002138                PROVIDE (_end = .)
                0x0000000020002338                . = (. + _Min_Heap_Size)
 *fill*         0x0000000020002138      0x200 
                0x0000000020002738                . = (. + _Min_Stack_Size)
 *fill*         0x0000000020002338      0x400 
                0x0000000020002738                . = ALIGN (0x8)

/DISCARD/
 libc.a(*)
 libm.a(*)
 libgcc.a(*)

.ARM.attributes
                0x0000000000000000       0x30
 *(.ARM.attributes)
 .ARM.attributes
                0x0000000000000000       0x1e c:/st/stm32cubeide_1.10.1/stm32cubeide/plugins/com.st.stm32cube.ide.mcu.externaltools.gnu-tools-for-stm32.10.3-2021.10.win32_1.0.0.202111181127/tools/bin/../lib/gcc/arm-none-eabi/10.3.1/thumb/v7e-m+fp/hard/crti.o
 .ARM.attributes
                0x000000000000001e       0x34 c:/st/stm32cubeide_1.10.1/stm32cubeide/plugins/com.st.stm32cube.ide.mcu.externaltools.gnu-tools-for-stm32.10.3-2021.10.win32_1.0.0.202111181127/tools/bin/../lib/gcc/arm-none-eabi/10.3.1/thumb/v7e-m+fp/hard/crtbegin.o
 .ARM.attributes
                0x0000000000000052       0x34 ./Core/Src/app.o
 .ARM.attributes
                0x0000000000000086       0x34 ./Core/Src/lcd.o
 .ARM.attributes
                0x00000000000000ba       0x34 ./Core/Src/main.o
 .ARM.attributes
                0x00000000000000ee       0x34 ./Core/Src/rotary_enc.o
 .ARM.attributes
                0x0000000000000122       0x34 ./Core/Src/stm32f4xx_hal_msp.o
 .ARM.attributes
                0x0000000000000156       0x34 ./Core/Src/stm32f4xx_it.o
 .ARM.attributes
                0x000000000000018a       0x34 ./Core/Src/system_stm32f4xx.o
 .ARM.attributes
                0x00000000000001be       0x34 ./Core/Src/timer.o
 .ARM.attributes
                0x00000000000001f2       0x34 ./Core/Src/uart.o
 .ARM.attributes
                0x0000000000000226       0x21 ./Core/Startup/startup_stm32f401retx.o
 .ARM.attributes
                0x0000000000000247       0x34 ./Drivers/STM32F4xx_HAL_Driver/Src/stm32f4xx_hal.o
 .ARM.attributes
                0x000000000000027b       0x34 ./Drivers/STM32F4xx_HAL_Driver/Src/stm32f4xx_hal_cortex.o
 .ARM.attributes
                0x00000000000002af       0x34 ./Drivers/STM32F4xx_HAL_Driver/Src/stm32f4xx_hal_gpio.o
 .ARM.attributes
                0x00000000000002e3       0x34 ./Drivers/STM32F4xx_HAL_Driver/Src/stm32f4xx_hal_rcc.o
 .ARM.attributes
                0x0000000000000317       0x34 ./Drivers/STM32F4xx_HAL_Driver/Src/stm32f4xx_hal_tim.o
 .ARM.attributes
                0x000000000000034b       0x34 ./Drivers/STM32F4xx_HAL_Driver/Src/stm32f4xx_hal_tim_ex.o
 .ARM.attributes
                0x000000000000037f       0x34 ./Drivers/STM32F4xx_HAL_Driver/Src/stm32f4xx_ll_gpio.o
 .ARM.attributes
                0x00000000000003b3       0x34 ./Drivers/STM32F4xx_HAL_Driver/Src/stm32f4xx_ll_rcc.o
 .ARM.attributes
                0x00000000000003e7       0x34 ./Drivers/STM32F4xx_HAL_Driver/Src/stm32f4xx_ll_usart.o
 .ARM.attributes
                0x000000000000041b       0x34 c:/st/stm32cubeide_1.10.1/stm32cubeide/plugins/com.st.stm32cube.ide.mcu.externaltools.gnu-tools-for-stm32.10.3-2021.10.win32_1.0.0.202111181127/tools/bin/../lib/gcc/arm-none-eabi/10.3.1/../../../../arm-none-eabi/lib/thumb/v7e-m+fp/hard\libc_nano.a(lib_a-init.o)
 .ARM.attributes
                0x000000000000044f       0x34 c:/st/stm32cubeide_1.10.1/stm32cubeide/plugins/com.st.stm32cube.ide.mcu.externaltools.gnu-tools-for-stm32.10.3-2021.10.win32_1.0.0.202111181127/tools/bin/../lib/gcc/arm-none-eabi/10.3.1/../../../../arm-none-eabi/lib/thumb/v7e-m+fp/hard\libc_nano.a(lib_a-memset.o)
 .ARM.attributes
                0x0000000000000483       0x17 c:/st/stm32cubeide_1.10.1/stm32cubeide/plugins/com.st.stm32cube.ide.mcu.externaltools.gnu-tools-for-stm32.10.3-2021.10.win32_1.0.0.202111181127/tools/bin/../lib/gcc/arm-none-eabi/10.3.1/../../../../arm-none-eabi/lib/thumb/v7e-m+fp/hard\libc_nano.a(lib_a-strlen.o)
 .ARM.attributes
                0x000000000000049a       0x1e c:/st/stm32cubeide_1.10.1/stm32cubeide/plugins/com.st.stm32cube.ide.mcu.externaltools.gnu-tools-for-stm32.10.3-2021.10.win32_1.0.0.202111181127/tools/bin/../lib/gcc/arm-none-eabi/10.3.1/thumb/v7e-m+fp/hard\libgcc.a(_aeabi_uldivmod.o)
 .ARM.attributes
                0x00000000000004b8       0x34 c:/st/stm32cubeide_1.10.1/stm32cubeide/plugins/com.st.stm32cube.ide.mcu.externaltools.gnu-tools-for-stm32.10.3-2021.10.win32_1.0.0.202111181127/tools/bin/../lib/gcc/arm-none-eabi/10.3.1/thumb/v7e-m+fp/hard\libgcc.a(_udivmoddi4.o)
 .ARM.attributes
                0x00000000000004ec       0x1e c:/st/stm32cubeide_1.10.1/stm32cubeide/plugins/com.st.stm32cube.ide.mcu.externaltools.gnu-tools-for-stm32.10.3-2021.10.win32_1.0.0.202111181127/tools/bin/../lib/gcc/arm-none-eabi/10.3.1/thumb/v7e-m+fp/hard\libgcc.a(_dvmd_tls.o)
 .ARM.attributes
                0x000000000000050a       0x1e c:/st/stm32cubeide_1.10.1/stm32cubeide/plugins/com.st.stm32cube.ide.mcu.externaltools.gnu-tools-for-stm32.10.3-2021.10.win32_1.0.0.202111181127/tools/bin/../lib/gcc/arm-none-eabi/10.3.1/thumb/v7e-m+fp/hard/crtn.o
OUTPUT(pong.elf elf32-littlearm)
LOAD linker stubs
LOAD c:/st/stm32cubeide_1.10.1/stm32cubeide/plugins/com.st.stm32cube.ide.mcu.externaltools.gnu-tools-for-stm32.10.3-2021.10.win32_1.0.0.202111181127/tools/bin/../lib/gcc/arm-none-eabi/10.3.1/../../../../arm-none-eabi/lib/thumb/v7e-m+fp/hard\libc.a
LOAD c:/st/stm32cubeide_1.10.1/stm32cubeide/plugins/com.st.stm32cube.ide.mcu.externaltools.gnu-tools-for-stm32.10.3-2021.10.win32_1.0.0.202111181127/tools/bin/../lib/gcc/arm-none-eabi/10.3.1/../../../../arm-none-eabi/lib/thumb/v7e-m+fp/hard\libm.a
LOAD c:/st/stm32cubeide_1.10.1/stm32cubeide/plugins/com.st.stm32cube.ide.mcu.externaltools.gnu-tools-for-stm32.10.3-2021.10.win32_1.0.0.202111181127/tools/bin/../lib/gcc/arm-none-eabi/10.3.1/thumb/v7e-m+fp/hard\libgcc.a

.debug_info     0x0000000000000000     0xc4cf
 .debug_info    0x0000000000000000      0x3e4 ./Core/Src/app.o
 .debug_info    0x00000000000003e4      0xb8a ./Core/Src/lcd.o
 .debug_info    0x0000000000000f6e     0x16df ./Core/Src/main.o
 .debug_info    0x000000000000264d      0x3ce ./Core/Src/rotary_enc.o
 .debug_info    0x0000000000002a1b      0x94f ./Core/Src/stm32f4xx_hal_msp.o
 .debug_info    0x000000000000336a      0x23f ./Core/Src/stm32f4xx_it.o
 .debug_info    0x00000000000035a9      0x54f ./Core/Src/system_stm32f4xx.o
 .debug_info    0x0000000000003af8      0x25f ./Core/Src/timer.o
 .debug_info    0x0000000000003d57      0x660 ./Core/Src/uart.o
 .debug_info    0x00000000000043b7       0x22 ./Core/Startup/startup_stm32f401retx.o
 .debug_info    0x00000000000043d9      0x906 ./Drivers/STM32F4xx_HAL_Driver/Src/stm32f4xx_hal.o
 .debug_info    0x0000000000004cdf      0xd85 ./Drivers/STM32F4xx_HAL_Driver/Src/stm32f4xx_hal_cortex.o
 .debug_info    0x0000000000005a64      0x78e ./Drivers/STM32F4xx_HAL_Driver/Src/stm32f4xx_hal_gpio.o
 .debug_info    0x00000000000061f2      0x98c ./Drivers/STM32F4xx_HAL_Driver/Src/stm32f4xx_hal_rcc.o
 .debug_info    0x0000000000006b7e     0x2bb6 ./Drivers/STM32F4xx_HAL_Driver/Src/stm32f4xx_hal_tim.o
 .debug_info    0x0000000000009734     0x15d8 ./Drivers/STM32F4xx_HAL_Driver/Src/stm32f4xx_hal_tim_ex.o
 .debug_info    0x000000000000ad0c      0x874 ./Drivers/STM32F4xx_HAL_Driver/Src/stm32f4xx_ll_gpio.o
 .debug_info    0x000000000000b580      0x7d2 ./Drivers/STM32F4xx_HAL_Driver/Src/stm32f4xx_ll_rcc.o
 .debug_info    0x000000000000bd52      0x77d ./Drivers/STM32F4xx_HAL_Driver/Src/stm32f4xx_ll_usart.o

.debug_abbrev   0x0000000000000000     0x2535
 .debug_abbrev  0x0000000000000000      0x178 ./Core/Src/app.o
 .debug_abbrev  0x0000000000000178      0x284 ./Core/Src/lcd.o
 .debug_abbrev  0x00000000000003fc      0x32d ./Core/Src/main.o
 .debug_abbrev  0x0000000000000729      0x1c2 ./Core/Src/rotary_enc.o
 .debug_abbrev  0x00000000000008eb      0x1ae ./Core/Src/stm32f4xx_hal_msp.o
 .debug_abbrev  0x0000000000000a99      0x112 ./Core/Src/stm32f4xx_it.o
 .debug_abbrev  0x0000000000000bab      0x116 ./Core/Src/system_stm32f4xx.o
 .debug_abbrev  0x0000000000000cc1      0x13d ./Core/Src/timer.o
 .debug_abbrev  0x0000000000000dfe      0x2aa ./Core/Src/uart.o
 .debug_abbrev  0x00000000000010a8       0x12 ./Core/Startup/startup_stm32f401retx.o
 .debug_abbrev  0x00000000000010ba      0x23e ./Drivers/STM32F4xx_HAL_Driver/Src/stm32f4xx_hal.o
 .debug_abbrev  0x00000000000012f8      0x316 ./Drivers/STM32F4xx_HAL_Driver/Src/stm32f4xx_hal_cortex.o
 .debug_abbrev  0x000000000000160e      0x1c4 ./Drivers/STM32F4xx_HAL_Driver/Src/stm32f4xx_hal_gpio.o
 .debug_abbrev  0x00000000000017d2      0x2aa ./Drivers/STM32F4xx_HAL_Driver/Src/stm32f4xx_hal_rcc.o
 .debug_abbrev  0x0000000000001a7c      0x26e ./Drivers/STM32F4xx_HAL_Driver/Src/stm32f4xx_hal_tim.o
 .debug_abbrev  0x0000000000001cea      0x276 ./Drivers/STM32F4xx_HAL_Driver/Src/stm32f4xx_hal_tim_ex.o
 .debug_abbrev  0x0000000000001f60      0x20e ./Drivers/STM32F4xx_HAL_Driver/Src/stm32f4xx_ll_gpio.o
 .debug_abbrev  0x000000000000216e      0x1e7 ./Drivers/STM32F4xx_HAL_Driver/Src/stm32f4xx_ll_rcc.o
 .debug_abbrev  0x0000000000002355      0x1e0 ./Drivers/STM32F4xx_HAL_Driver/Src/stm32f4xx_ll_usart.o

.debug_aranges  0x0000000000000000      0xd80
 .debug_aranges
                0x0000000000000000       0x60 ./Core/Src/app.o
 .debug_aranges
                0x0000000000000060       0x68 ./Core/Src/lcd.o
 .debug_aranges
                0x00000000000000c8       0x88 ./Core/Src/main.o
 .debug_aranges
                0x0000000000000150       0x40 ./Core/Src/rotary_enc.o
 .debug_aranges
                0x0000000000000190       0x30 ./Core/Src/stm32f4xx_hal_msp.o
 .debug_aranges
                0x00000000000001c0       0x88 ./Core/Src/stm32f4xx_it.o
 .debug_aranges
                0x0000000000000248       0x28 ./Core/Src/system_stm32f4xx.o
 .debug_aranges
                0x0000000000000270       0x38 ./Core/Src/timer.o
 .debug_aranges
                0x00000000000002a8       0x88 ./Core/Src/uart.o
 .debug_aranges
                0x0000000000000330       0x28 ./Core/Startup/startup_stm32f401retx.o
 .debug_aranges
                0x0000000000000358       0xf0 ./Drivers/STM32F4xx_HAL_Driver/Src/stm32f4xx_hal.o
 .debug_aranges
                0x0000000000000448      0x118 ./Drivers/STM32F4xx_HAL_Driver/Src/stm32f4xx_hal_cortex.o
 .debug_aranges
                0x0000000000000560       0x58 ./Drivers/STM32F4xx_HAL_Driver/Src/stm32f4xx_hal_gpio.o
 .debug_aranges
                0x00000000000005b8       0x88 ./Drivers/STM32F4xx_HAL_Driver/Src/stm32f4xx_hal_rcc.o
 .debug_aranges
                0x0000000000000640      0x3d0 ./Drivers/STM32F4xx_HAL_Driver/Src/stm32f4xx_hal_tim.o
 .debug_aranges
                0x0000000000000a10      0x168 ./Drivers/STM32F4xx_HAL_Driver/Src/stm32f4xx_hal_tim_ex.o
 .debug_aranges
                0x0000000000000b78       0x70 ./Drivers/STM32F4xx_HAL_Driver/Src/stm32f4xx_ll_gpio.o
 .debug_aranges
                0x0000000000000be8      0x110 ./Drivers/STM32F4xx_HAL_Driver/Src/stm32f4xx_ll_rcc.o
 .debug_aranges
                0x0000000000000cf8       0x88 ./Drivers/STM32F4xx_HAL_Driver/Src/stm32f4xx_ll_usart.o

.debug_ranges   0x0000000000000000      0xc58
 .debug_ranges  0x0000000000000000       0x50 ./Core/Src/app.o
 .debug_ranges  0x0000000000000050       0x58 ./Core/Src/lcd.o
 .debug_ranges  0x00000000000000a8       0x78 ./Core/Src/main.o
 .debug_ranges  0x0000000000000120       0x30 ./Core/Src/rotary_enc.o
 .debug_ranges  0x0000000000000150       0x20 ./Core/Src/stm32f4xx_hal_msp.o
 .debug_ranges  0x0000000000000170       0x78 ./Core/Src/stm32f4xx_it.o
 .debug_ranges  0x00000000000001e8       0x18 ./Core/Src/system_stm32f4xx.o
 .debug_ranges  0x0000000000000200       0x28 ./Core/Src/timer.o
 .debug_ranges  0x0000000000000228       0x78 ./Core/Src/uart.o
 .debug_ranges  0x00000000000002a0       0x20 ./Core/Startup/startup_stm32f401retx.o
 .debug_ranges  0x00000000000002c0       0xe0 ./Drivers/STM32F4xx_HAL_Driver/Src/stm32f4xx_hal.o
 .debug_ranges  0x00000000000003a0      0x108 ./Drivers/STM32F4xx_HAL_Driver/Src/stm32f4xx_hal_cortex.o
 .debug_ranges  0x00000000000004a8       0x48 ./Drivers/STM32F4xx_HAL_Driver/Src/stm32f4xx_hal_gpio.o
 .debug_ranges  0x00000000000004f0       0x78 ./Drivers/STM32F4xx_HAL_Driver/Src/stm32f4xx_hal_rcc.o
 .debug_ranges  0x0000000000000568      0x3c0 ./Drivers/STM32F4xx_HAL_Driver/Src/stm32f4xx_hal_tim.o
 .debug_ranges  0x0000000000000928      0x158 ./Drivers/STM32F4xx_HAL_Driver/Src/stm32f4xx_hal_tim_ex.o
 .debug_ranges  0x0000000000000a80       0x60 ./Drivers/STM32F4xx_HAL_Driver/Src/stm32f4xx_ll_gpio.o
 .debug_ranges  0x0000000000000ae0      0x100 ./Drivers/STM32F4xx_HAL_Driver/Src/stm32f4xx_ll_rcc.o
 .debug_ranges  0x0000000000000be0       0x78 ./Drivers/STM32F4xx_HAL_Driver/Src/stm32f4xx_ll_usart.o

.debug_macro    0x0000000000000000    0x19734
 .debug_macro   0x0000000000000000      0x475 ./Core/Src/app.o
 .debug_macro   0x0000000000000475      0xa7e ./Core/Src/app.o
 .debug_macro   0x0000000000000ef3       0x1e ./Core/Src/app.o
 .debug_macro   0x0000000000000f11       0x22 ./Core/Src/app.o
 .debug_macro   0x0000000000000f33       0x4c ./Core/Src/app.o
 .debug_macro   0x0000000000000f7f       0x94 ./Core/Src/app.o
 .debug_macro   0x0000000000001013       0x3c ./Core/Src/app.o
 .debug_macro   0x000000000000104f       0x34 ./Core/Src/app.o
 .debug_macro   0x0000000000001083       0x16 ./Core/Src/app.o
 .debug_macro   0x0000000000001099      0x10e ./Core/Src/app.o
 .debug_macro   0x00000000000011a7       0x8d ./Core/Src/app.o
 .debug_macro   0x0000000000001234       0x16 ./Core/Src/app.o
 .debug_macro   0x000000000000124a       0x43 ./Core/Src/app.o
 .debug_macro   0x000000000000128d       0x57 ./Core/Src/app.o
 .debug_macro   0x00000000000012e4       0x34 ./Core/Src/app.o
 .debug_macro   0x0000000000001318       0x10 ./Core/Src/app.o
 .debug_macro   0x0000000000001328       0x58 ./Core/Src/app.o
 .debug_macro   0x0000000000001380       0x71 ./Core/Src/app.o
 .debug_macro   0x00000000000013f1       0x1c ./Core/Src/app.o
 .debug_macro   0x000000000000140d      0x12a ./Core/Src/app.o
 .debug_macro   0x0000000000001537      0x341 ./Core/Src/app.o
 .debug_macro   0x0000000000001878       0x16 ./Core/Src/app.o
 .debug_macro   0x000000000000188e       0x29 ./Core/Src/app.o
 .debug_macro   0x00000000000018b7       0x16 ./Core/Src/app.o
 .debug_macro   0x00000000000018cd       0x35 ./Core/Src/app.o
 .debug_macro   0x0000000000001902       0x20 ./Core/Src/app.o
 .debug_macro   0x0000000000001922       0x1c ./Core/Src/app.o
 .debug_macro   0x000000000000193e       0x10 ./Core/Src/app.o
 .debug_macro   0x000000000000194e       0x10 ./Core/Src/app.o
 .debug_macro   0x000000000000195e       0x6a ./Core/Src/app.o
 .debug_macro   0x00000000000019c8       0x1c ./Core/Src/app.o
 .debug_macro   0x00000000000019e4       0x52 ./Core/Src/app.o
 .debug_macro   0x0000000000001a36       0x22 ./Core/Src/app.o
 .debug_macro   0x0000000000001a58       0x10 ./Core/Src/app.o
 .debug_macro   0x0000000000001a68       0x52 ./Core/Src/app.o
 .debug_macro   0x0000000000001aba       0xd5 ./Core/Src/app.o
 .debug_macro   0x0000000000001b8f       0x1c ./Core/Src/app.o
 .debug_macro   0x0000000000001bab       0x3d ./Core/Src/app.o
 .debug_macro   0x0000000000001be8       0x16 ./Core/Src/app.o
 .debug_macro   0x0000000000001bfe      0x145 ./Core/Src/app.o
 .debug_macro   0x0000000000001d43      0x103 ./Core/Src/app.o
 .debug_macro   0x0000000000001e46      0x1df ./Core/Src/app.o
 .debug_macro   0x0000000000002025      0x295 ./Core/Src/app.o
 .debug_macro   0x00000000000022ba       0x2e ./Core/Src/app.o
 .debug_macro   0x00000000000022e8       0x28 ./Core/Src/app.o
 .debug_macro   0x0000000000002310       0x1c ./Core/Src/app.o
 .debug_macro   0x000000000000232c       0x22 ./Core/Src/app.o
 .debug_macro   0x000000000000234e       0xd9 ./Core/Src/app.o
 .debug_macro   0x0000000000002427     0x102d ./Core/Src/app.o
 .debug_macro   0x0000000000003454      0x11f ./Core/Src/app.o
 .debug_macro   0x0000000000003573     0xb86c ./Core/Src/app.o
 .debug_macro   0x000000000000eddf       0x6d ./Core/Src/app.o
 .debug_macro   0x000000000000ee4c     0x367e ./Core/Src/app.o
 .debug_macro   0x00000000000124ca       0x56 ./Core/Src/app.o
 .debug_macro   0x0000000000012520      0x416 ./Core/Src/app.o
 .debug_macro   0x0000000000012936      0x9fe ./Core/Src/app.o
 .debug_macro   0x0000000000013334      0x115 ./Core/Src/app.o
 .debug_macro   0x0000000000013449       0xf8 ./Core/Src/app.o
 .debug_macro   0x0000000000013541       0xa5 ./Core/Src/app.o
 .debug_macro   0x00000000000135e6      0x15f ./Core/Src/app.o
 .debug_macro   0x0000000000013745      0x287 ./Core/Src/app.o
 .debug_macro   0x00000000000139cc       0x5f ./Core/Src/app.o
 .debug_macro   0x0000000000013a2b      0x236 ./Core/Src/app.o
 .debug_macro   0x0000000000013c61      0x132 ./Core/Src/app.o
 .debug_macro   0x0000000000013d93      0x264 ./Core/Src/app.o
 .debug_macro   0x0000000000013ff7       0x2e ./Core/Src/app.o
 .debug_macro   0x0000000000014025      0x11a ./Core/Src/app.o
 .debug_macro   0x000000000001413f       0x85 ./Core/Src/app.o
 .debug_macro   0x00000000000141c4       0x89 ./Core/Src/app.o
 .debug_macro   0x000000000001424d      0x8e6 ./Core/Src/app.o
 .debug_macro   0x0000000000014b33       0x47 ./Core/Src/app.o
 .debug_macro   0x0000000000014b7a      0x126 ./Core/Src/app.o
 .debug_macro   0x0000000000014ca0      0x1bb ./Core/Src/app.o
 .debug_macro   0x0000000000014e5b      0x788 ./Core/Src/app.o
 .debug_macro   0x00000000000155e3      0x116 ./Core/Src/app.o
 .debug_macro   0x00000000000156f9      0x1a6 ./Core/Src/app.o
 .debug_macro   0x000000000001589f      0x1ab ./Core/Src/app.o
 .debug_macro   0x0000000000015a4a       0x61 ./Core/Src/app.o
 .debug_macro   0x0000000000015aab       0xbc ./Core/Src/app.o
 .debug_macro   0x0000000000015b67      0x149 ./Core/Src/app.o
 .debug_macro   0x0000000000015cb0      0x1e6 ./Core/Src/app.o
 .debug_macro   0x0000000000015e96       0xe8 ./Core/Src/app.o
 .debug_macro   0x0000000000015f7e       0x40 ./Core/Src/app.o
 .debug_macro   0x0000000000015fbe       0x16 ./Core/Src/app.o
 .debug_macro   0x0000000000015fd4       0x22 ./Core/Src/app.o
 .debug_macro   0x0000000000015ff6       0x16 ./Core/Src/app.o
 .debug_macro   0x000000000001600c      0x371 ./Core/Src/lcd.o
 .debug_macro   0x000000000001637d      0x174 ./Core/Src/lcd.o
 .debug_macro   0x00000000000164f1      0x19b ./Core/Src/lcd.o
 .debug_macro   0x000000000001668c       0x1c ./Core/Src/lcd.o
 .debug_macro   0x00000000000166a8      0x237 ./Core/Src/main.o
 .debug_macro   0x00000000000168df       0x8e ./Core/Src/main.o
 .debug_macro   0x000000000001696d       0x51 ./Core/Src/main.o
 .debug_macro   0x00000000000169be       0x5c ./Core/Src/main.o
 .debug_macro   0x0000000000016a1a      0x2ca ./Core/Src/rotary_enc.o
 .debug_macro   0x0000000000016ce4       0x52 ./Core/Src/rotary_enc.o
 .debug_macro   0x0000000000016d36       0x7c ./Core/Src/rotary_enc.o
 .debug_macro   0x0000000000016db2       0x17 ./Core/Src/rotary_enc.o
 .debug_macro   0x0000000000016dc9      0x118 ./Core/Src/rotary_enc.o
 .debug_macro   0x0000000000016ee1      0x22d ./Core/Src/stm32f4xx_hal_msp.o
 .debug_macro   0x000000000001710e      0x25a ./Core/Src/stm32f4xx_it.o
 .debug_macro   0x0000000000017368      0x1c4 ./Core/Src/system_stm32f4xx.o
 .debug_macro   0x000000000001752c      0x31e ./Core/Src/timer.o
 .debug_macro   0x000000000001784a       0x10 ./Core/Src/timer.o
 .debug_macro   0x000000000001785a      0x319 ./Core/Src/uart.o
 .debug_macro   0x0000000000017b73      0x224 ./Drivers/STM32F4xx_HAL_Driver/Src/stm32f4xx_hal.o
 .debug_macro   0x0000000000017d97      0x1c4 ./Drivers/STM32F4xx_HAL_Driver/Src/stm32f4xx_hal_cortex.o
 .debug_macro   0x0000000000017f5b      0x1ca ./Drivers/STM32F4xx_HAL_Driver/Src/stm32f4xx_hal_gpio.o
 .debug_macro   0x0000000000018125      0x1e8 ./Drivers/STM32F4xx_HAL_Driver/Src/stm32f4xx_hal_rcc.o
 .debug_macro   0x000000000001830d      0x1c5 ./Drivers/STM32F4xx_HAL_Driver/Src/stm32f4xx_hal_tim.o
 .debug_macro   0x00000000000184d2      0x1c4 ./Drivers/STM32F4xx_HAL_Driver/Src/stm32f4xx_hal_tim_ex.o
 .debug_macro   0x0000000000018696      0x206 ./Drivers/STM32F4xx_HAL_Driver/Src/stm32f4xx_ll_gpio.o
 .debug_macro   0x000000000001889c      0x143 ./Drivers/STM32F4xx_HAL_Driver/Src/stm32f4xx_ll_gpio.o
 .debug_macro   0x00000000000189df      0x1eb ./Drivers/STM32F4xx_HAL_Driver/Src/stm32f4xx_ll_rcc.o
 .debug_macro   0x0000000000018bca      0x782 ./Drivers/STM32F4xx_HAL_Driver/Src/stm32f4xx_ll_rcc.o
 .debug_macro   0x000000000001934c      0x233 ./Drivers/STM32F4xx_HAL_Driver/Src/stm32f4xx_ll_usart.o
 .debug_macro   0x000000000001957f      0x1b5 ./Drivers/STM32F4xx_HAL_Driver/Src/stm32f4xx_ll_usart.o

.debug_line     0x0000000000000000     0xf4c5
 .debug_line    0x0000000000000000      0xc35 ./Core/Src/app.o
 .debug_line    0x0000000000000c35      0xbb5 ./Core/Src/lcd.o
 .debug_line    0x00000000000017ea      0xa6d ./Core/Src/main.o
 .debug_line    0x0000000000002257      0xc30 ./Core/Src/rotary_enc.o
 .debug_line    0x0000000000002e87      0x7c4 ./Core/Src/stm32f4xx_hal_msp.o
 .debug_line    0x000000000000364b      0x8e8 ./Core/Src/stm32f4xx_it.o
 .debug_line    0x0000000000003f33      0x725 ./Core/Src/system_stm32f4xx.o
 .debug_line    0x0000000000004658      0x9d4 ./Core/Src/timer.o
 .debug_line    0x000000000000502c      0xbb0 ./Core/Src/uart.o
 .debug_line    0x0000000000005bdc       0x88 ./Core/Startup/startup_stm32f401retx.o
 .debug_line    0x0000000000005c64      0x98b ./Drivers/STM32F4xx_HAL_Driver/Src/stm32f4xx_hal.o
 .debug_line    0x00000000000065ef      0xc3a ./Drivers/STM32F4xx_HAL_Driver/Src/stm32f4xx_hal_cortex.o
 .debug_line    0x0000000000007229      0xac3 ./Drivers/STM32F4xx_HAL_Driver/Src/stm32f4xx_hal_gpio.o
 .debug_line    0x0000000000007cec      0xd07 ./Drivers/STM32F4xx_HAL_Driver/Src/stm32f4xx_hal_rcc.o
 .debug_line    0x00000000000089f3     0x3459 ./Drivers/STM32F4xx_HAL_Driver/Src/stm32f4xx_hal_tim.o
 .debug_line    0x000000000000be4c     0x1923 ./Drivers/STM32F4xx_HAL_Driver/Src/stm32f4xx_hal_tim_ex.o
 .debug_line    0x000000000000d76f      0x960 ./Drivers/STM32F4xx_HAL_Driver/Src/stm32f4xx_ll_gpio.o
 .debug_line    0x000000000000e0cf      0xb14 ./Drivers/STM32F4xx_HAL_Driver/Src/stm32f4xx_ll_rcc.o
 .debug_line    0x000000000000ebe3      0x8e2 ./Drivers/STM32F4xx_HAL_Driver/Src/stm32f4xx_ll_usart.o

.debug_str      0x0000000000000000    0x96add
 .debug_str     0x0000000000000000    0x91640 ./Core/Src/app.o
                                      0x91b5e (size before relaxing)
 .debug_str     0x0000000000091640      0xf2e ./Core/Src/lcd.o
                                      0x916e1 (size before relaxing)
 .debug_str     0x000000000009256e      0x9a4 ./Core/Src/main.o
                                      0x8e88e (size before relaxing)
 .debug_str     0x0000000000092f12      0x586 ./Core/Src/rotary_enc.o
                                      0x8f45a (size before relaxing)
 .debug_str     0x0000000000093498       0x7f ./Core/Src/stm32f4xx_hal_msp.o
                                      0x8ded0 (size before relaxing)
 .debug_str     0x0000000000093517      0x164 ./Core/Src/stm32f4xx_it.o
                                      0x8d9e6 (size before relaxing)
 .debug_str     0x000000000009367b       0x87 ./Core/Src/system_stm32f4xx.o
                                      0x8417d (size before relaxing)
 .debug_str     0x0000000000093702       0x56 ./Core/Src/timer.o
                                      0x9076c (size before relaxing)
 .debug_str     0x0000000000093758      0x1a5 ./Core/Src/uart.o
                                      0x9088a (size before relaxing)
 .debug_str     0x00000000000938fd       0x36 ./Core/Startup/startup_stm32f401retx.o
                                         0x82 (size before relaxing)
 .debug_str     0x0000000000093933      0x5eb ./Drivers/STM32F4xx_HAL_Driver/Src/stm32f4xx_hal.o
                                      0x84b9f (size before relaxing)
 .debug_str     0x0000000000093f1e      0x2ab ./Drivers/STM32F4xx_HAL_Driver/Src/stm32f4xx_hal_cortex.o
                                      0x848c0 (size before relaxing)
 .debug_str     0x00000000000941c9       0xe7 ./Drivers/STM32F4xx_HAL_Driver/Src/stm32f4xx_hal_gpio.o
                                      0x842f8 (size before relaxing)
 .debug_str     0x00000000000942b0      0x233 ./Drivers/STM32F4xx_HAL_Driver/Src/stm32f4xx_hal_rcc.o
                                      0x845b1 (size before relaxing)
 .debug_str     0x00000000000944e3      0xe03 ./Drivers/STM32F4xx_HAL_Driver/Src/stm32f4xx_hal_tim.o
                                      0x854e5 (size before relaxing)
 .debug_str     0x00000000000952e6      0x493 ./Drivers/STM32F4xx_HAL_Driver/Src/stm32f4xx_hal_tim_ex.o
                                      0x84d01 (size before relaxing)
 .debug_str     0x0000000000095779      0x65f ./Drivers/STM32F4xx_HAL_Driver/Src/stm32f4xx_ll_gpio.o
                                      0x85638 (size before relaxing)
 .debug_str     0x0000000000095dd8      0x4df ./Drivers/STM32F4xx_HAL_Driver/Src/stm32f4xx_ll_rcc.o
                                      0x8862a (size before relaxing)
 .debug_str     0x00000000000962b7      0x826 ./Drivers/STM32F4xx_HAL_Driver/Src/stm32f4xx_ll_usart.o
                                      0x89fa0 (size before relaxing)

.comment        0x0000000000000000       0x50
 .comment       0x0000000000000000       0x50 ./Core/Src/app.o
                                         0x51 (size before relaxing)
 .comment       0x0000000000000050       0x51 ./Core/Src/lcd.o
 .comment       0x0000000000000050       0x51 ./Core/Src/main.o
 .comment       0x0000000000000050       0x51 ./Core/Src/rotary_enc.o
 .comment       0x0000000000000050       0x51 ./Core/Src/stm32f4xx_hal_msp.o
 .comment       0x0000000000000050       0x51 ./Core/Src/stm32f4xx_it.o
 .comment       0x0000000000000050       0x51 ./Core/Src/system_stm32f4xx.o
 .comment       0x0000000000000050       0x51 ./Core/Src/timer.o
 .comment       0x0000000000000050       0x51 ./Core/Src/uart.o
 .comment       0x0000000000000050       0x51 ./Drivers/STM32F4xx_HAL_Driver/Src/stm32f4xx_hal.o
 .comment       0x0000000000000050       0x51 ./Drivers/STM32F4xx_HAL_Driver/Src/stm32f4xx_hal_cortex.o
 .comment       0x0000000000000050       0x51 ./Drivers/STM32F4xx_HAL_Driver/Src/stm32f4xx_hal_gpio.o
 .comment       0x0000000000000050       0x51 ./Drivers/STM32F4xx_HAL_Driver/Src/stm32f4xx_hal_rcc.o
 .comment       0x0000000000000050       0x51 ./Drivers/STM32F4xx_HAL_Driver/Src/stm32f4xx_hal_tim.o
 .comment       0x0000000000000050       0x51 ./Drivers/STM32F4xx_HAL_Driver/Src/stm32f4xx_hal_tim_ex.o
 .comment       0x0000000000000050       0x51 ./Drivers/STM32F4xx_HAL_Driver/Src/stm32f4xx_ll_gpio.o
 .comment       0x0000000000000050       0x51 ./Drivers/STM32F4xx_HAL_Driver/Src/stm32f4xx_ll_rcc.o
 .comment       0x0000000000000050       0x51 ./Drivers/STM32F4xx_HAL_Driver/Src/stm32f4xx_ll_usart.o

.debug_frame    0x0000000000000000     0x36e4
 .debug_frame   0x0000000000000000      0x130 ./Core/Src/app.o
 .debug_frame   0x0000000000000130      0x17c ./Core/Src/lcd.o
 .debug_frame   0x00000000000002ac      0x20c ./Core/Src/main.o
 .debug_frame   0x00000000000004b8       0xd0 ./Core/Src/rotary_enc.o
 .debug_frame   0x0000000000000588       0x84 ./Core/Src/stm32f4xx_hal_msp.o
 .debug_frame   0x000000000000060c      0x190 ./Core/Src/stm32f4xx_it.o
 .debug_frame   0x000000000000079c       0x58 ./Core/Src/system_stm32f4xx.o
 .debug_frame   0x00000000000007f4       0xac ./Core/Src/timer.o
 .debug_frame   0x00000000000008a0      0x21c ./Core/Src/uart.o
 .debug_frame   0x0000000000000abc      0x374 ./Drivers/STM32F4xx_HAL_Driver/Src/stm32f4xx_hal.o
 .debug_frame   0x0000000000000e30      0x498 ./Drivers/STM32F4xx_HAL_Driver/Src/stm32f4xx_hal_cortex.o
 .debug_frame   0x00000000000012c8      0x14c ./Drivers/STM32F4xx_HAL_Driver/Src/stm32f4xx_hal_gpio.o
 .debug_frame   0x0000000000001414      0x1f4 ./Drivers/STM32F4xx_HAL_Driver/Src/stm32f4xx_hal_rcc.o
 .debug_frame   0x0000000000001608     0x11bc ./Drivers/STM32F4xx_HAL_Driver/Src/stm32f4xx_hal_tim.o
 .debug_frame   0x00000000000027c4      0x638 ./Drivers/STM32F4xx_HAL_Driver/Src/stm32f4xx_hal_tim_ex.o
 .debug_frame   0x0000000000002dfc      0x1c0 ./Drivers/STM32F4xx_HAL_Driver/Src/stm32f4xx_ll_gpio.o
 .debug_frame   0x0000000000002fbc      0x43c ./Drivers/STM32F4xx_HAL_Driver/Src/stm32f4xx_ll_rcc.o
 .debug_frame   0x00000000000033f8      0x240 ./Drivers/STM32F4xx_HAL_Driver/Src/stm32f4xx_ll_usart.o
 .debug_frame   0x0000000000003638       0x2c c:/st/stm32cubeide_1.10.1/stm32cubeide/plugins/com.st.stm32cube.ide.mcu.externaltools.gnu-tools-for-stm32.10.3-2021.10.win32_1.0.0.202111181127/tools/bin/../lib/gcc/arm-none-eabi/10.3.1/../../../../arm-none-eabi/lib/thumb/v7e-m+fp/hard\libc_nano.a(lib_a-init.o)
 .debug_frame   0x0000000000003664       0x20 c:/st/stm32cubeide_1.10.1/stm32cubeide/plugins/com.st.stm32cube.ide.mcu.externaltools.gnu-tools-for-stm32.10.3-2021.10.win32_1.0.0.202111181127/tools/bin/../lib/gcc/arm-none-eabi/10.3.1/../../../../arm-none-eabi/lib/thumb/v7e-m+fp/hard\libc_nano.a(lib_a-memset.o)
 .debug_frame   0x0000000000003684       0x2c c:/st/stm32cubeide_1.10.1/stm32cubeide/plugins/com.st.stm32cube.ide.mcu.externaltools.gnu-tools-for-stm32.10.3-2021.10.win32_1.0.0.202111181127/tools/bin/../lib/gcc/arm-none-eabi/10.3.1/thumb/v7e-m+fp/hard\libgcc.a(_aeabi_uldivmod.o)
 .debug_frame   0x00000000000036b0       0x34 c:/st/stm32cubeide_1.10.1/stm32cubeide/plugins/com.st.stm32cube.ide.mcu.externaltools.gnu-tools-for-stm32.10.3-2021.10.win32_1.0.0.202111181127/tools/bin/../lib/gcc/arm-none-eabi/10.3.1/thumb/v7e-m+fp/hard\libgcc.a(_udivmoddi4.o)
